name|date_of_birth|age
MotiRam Manandhar|1990-08-22|28
Ram Manandhar|1991-08-22|27
Hari Manandhar|1995-08-22|23
Shyam Manandhar|1996-08-22|22
