name|gender
Prince|M
Suman|M
Sushant|M
Gaurab|M
Amrit|M
Sujan|M
