id|ssn|name
2|984129153|MotiRam
2|980104997|Shyam
